// Jest Snapshot v1, https://goo.gl/fbAQLP

exports[`<App/> renders correctly when there are no items 1`] = `null`;

exports[`<App/> renders correctly when there are no items 2`] = `
Array [
  <div
    className="discussion-sidebar-heading text-bold"
  >
    Browse by reaction
  </div>,
  <button
    className="grb-button"
    onClick={[Function]}
    type="button"
  >
    <span
      className="grb-reaction"
    >
      ðŸ’¯
      Â 
      23
    </span>
  </button>,
]
`;
