// Jest Snapshot v1, https://goo.gl/fbAQLP

exports[`createApp() renders correctly when there are items 1`] = `
Array [
  <div
    class="discussion-sidebar-heading text-bold"
  >
    Browse by reaction
  </div>,
  <button
    class="grb-button"
    type="button"
  >
    <span
      class="grb-reaction"
    >
      ðŸ’¯Â 23
    </span>
  </button>,
]
`;

exports[`createApp() renders correctly when there are no items 1`] = `null`;
